[VMEM] WARNING: physical memory size is smaller than virtual memory size.

*** ChampSim Multicore Out-of-Order Simulator ***
Warmup Instructions: 1000000
Simulation Instructions: 5000000
Number of CPUs: 2
Page size: 4096

Initialize SIGNATURE TABLE
ST_SET: 1
ST_WAY: 256
ST_TAG_BIT: 16

Initialize PATTERN TABLE
PT_SET: 512
PT_WAY: 4
SIG_DELTA_BIT: 7
C_SIG_BIT: 4
C_DELTA_BIT: 4

Initialize PREFETCH FILTER
FILTER_SET: 1024
Initialize SIGNATURE TABLE
ST_SET: 1
ST_WAY: 256
ST_TAG_BIT: 16

Initialize PATTERN TABLE
PT_SET: 512
PT_WAY: 4
SIG_DELTA_BIT: 7
C_SIG_BIT: 4
C_DELTA_BIT: 4

Initialize PREFETCH FILTER
FILTER_SET: 1024
Off-chip DRAM Size: 16 GiB Channels: 1 Width: 64-bit Data Rate: 3205 MT/s
Warmup finished CPU 1 instructions: 1000000 cycles: 289371 cumulative IPC: 3.456 (Simulation time: 00 hr 00 min 03 sec)
Warmup finished CPU 0 instructions: 1000002 cycles: 452625 cumulative IPC: 2.209 (Simulation time: 00 hr 00 min 05 sec)
Warmup complete CPU 1 instructions: 1569384 cycles: 452625 cumulative IPC: 3.467 (Simulation time: 00 hr 00 min 05 sec)
Warmup complete CPU 0 instructions: 1000002 cycles: 452625 cumulative IPC: 2.209 (Simulation time: 00 hr 00 min 05 sec)
Simulation finished CPU 1 instructions: 5000003 cycles: 6128693 cumulative IPC: 0.8158 (Simulation time: 00 hr 00 min 54 sec)
Simulation CPU 0 warning: IPC 0.022902 < 0.05
Heartbeat CPU 1 instructions: 10000001 cycles: 10982022 heartbeat IPC: 0.9106 cumulative IPC: 0.8007 (Simulation time: 00 hr 01 min 26 sec)
Simulation CPU 0 critical: IPC 0.017804 < 0.02
Heartbeat CPU 1 instructions: 20000003 cycles: 23810713 heartbeat IPC: 0.7795 cumulative IPC: 0.789 (Simulation time: 00 hr 03 min 03 sec)
Simulation CPU 0 critical: IPC 0.018435 < 0.02
Heartbeat CPU 1 instructions: 30000004 cycles: 36663723 heartbeat IPC: 0.778 cumulative IPC: 0.7851 (Simulation time: 00 hr 04 min 35 sec)
Simulation CPU 0 critical: IPC 0.017543 < 0.02
Heartbeat CPU 1 instructions: 40000006 cycles: 49578802 heartbeat IPC: 0.7743 cumulative IPC: 0.7823 (Simulation time: 00 hr 06 min 09 sec)
Simulation CPU 0 critical: IPC 0.017772 < 0.02
Simulation CPU 0 warning: IPC 0.026025 < 0.05
Heartbeat CPU 1 instructions: 50000007 cycles: 62503553 heartbeat IPC: 0.7737 cumulative IPC: 0.7805 (Simulation time: 00 hr 07 min 47 sec)
Heartbeat CPU 1 instructions: 60000010 cycles: 75148689 heartbeat IPC: 0.7908 cumulative IPC: 0.7822 (Simulation time: 00 hr 09 min 20 sec)
Heartbeat CPU 1 instructions: 70000013 cycles: 87777069 heartbeat IPC: 0.7919 cumulative IPC: 0.7836 (Simulation time: 00 hr 10 min 49 sec)
Simulation CPU 0 warning: IPC 0.046478 < 0.05
Heartbeat CPU 1 instructions: 80000014 cycles: 100483550 heartbeat IPC: 0.787 cumulative IPC: 0.7841 (Simulation time: 00 hr 12 min 19 sec)
Simulation CPU 0 critical: IPC 0.019008 < 0.02
Heartbeat CPU 1 instructions: 90000018 cycles: 113456772 heartbeat IPC: 0.7708 cumulative IPC: 0.7825 (Simulation time: 00 hr 13 min 53 sec)
Simulation CPU 0 critical: IPC 0.01935 < 0.02
Heartbeat CPU 1 instructions: 100000020 cycles: 126422584 heartbeat IPC: 0.7713 cumulative IPC: 0.7814 (Simulation time: 00 hr 15 min 26 sec)
Simulation CPU 0 critical: IPC 0.019355 < 0.02
Heartbeat CPU 1 instructions: 110000022 cycles: 139493879 heartbeat IPC: 0.765 cumulative IPC: 0.7798 (Simulation time: 00 hr 17 min 01 sec)
Simulation CPU 0 critical: IPC 0.018503 < 0.02
Simulation CPU 0 warning: IPC 0.026766 < 0.05
Simulation finished CPU 0 instructions: 5000001 cycles: 150170430 cumulative IPC: 0.0333 (Simulation time: 00 hr 18 min 23 sec)
Simulation complete CPU 1 instructions: 116996595 cycles: 150170430 cumulative IPC: 0.7791 (Simulation time: 00 hr 18 min 23 sec)
Simulation complete CPU 0 instructions: 5000001 cycles: 150170430 cumulative IPC: 0.0333 (Simulation time: 00 hr 18 min 23 sec)

ChampSim completed all CPUs

=== Simulation ===
CPU 0 runs /Users/kijunshi/Developers/ChampSim_agents/cycle20260420_pair_hetero_mix/traces/429.mcf-51B.champsimtrace.xz
CPU 1 runs /Users/kijunshi/Developers/ChampSim_agents/cycle20260420_pair_hetero_mix/traces/470.lbm-1274B.champsimtrace.xz

Total Simulation Statistics (not including warmup)

CPU 1 cumulative IPC: 0.7791 instructions: 116996595 cycles: 150170430
CPU 1 Branch Prediction Accuracy: 99.79% MPKI: 0.02855 Average ROB Occupancy at Mispredict: 346.5
CPU 1 Demand Stall Cycles: 121341795 (80.8% of cycles)
Branch type MPKI
BRANCH_DIRECT_JUMP: 0
BRANCH_INDIRECT: 0
BRANCH_CONDITIONAL: 0.02855
BRANCH_DIRECT_CALL: 0
BRANCH_INDIRECT_CALL: 0
BRANCH_RETURN: 0


CPU 0 cumulative IPC: 0.0333 instructions: 5000001 cycles: 150170430
CPU 0 Branch Prediction Accuracy: 95.53% MPKI: 11.01 Average ROB Occupancy at Mispredict: 72.22
CPU 0 Demand Stall Cycles: 148296304 (98.75% of cycles)
Branch type MPKI
BRANCH_DIRECT_JUMP: 0.66
BRANCH_INDIRECT: 0
BRANCH_CONDITIONAL: 10.35
BRANCH_DIRECT_CALL: 0.0002
BRANCH_INDIRECT_CALL: 0
BRANCH_RETURN: 0.0002

cpu1->cpu1_STLB TOTAL        ACCESS:      52024 HIT:          8 MISS:      52016 MSHR_MERGE:          0
cpu1->cpu1_STLB LOAD         ACCESS:      52024 HIT:          8 MISS:      52016 MSHR_MERGE:          0
cpu1->cpu1_STLB RFO          ACCESS:          0 HIT:          0 MISS:          0 MSHR_MERGE:          0
cpu1->cpu1_STLB PREFETCH     ACCESS:          0 HIT:          0 MISS:          0 MSHR_MERGE:          0
cpu1->cpu1_STLB WRITE        ACCESS:          0 HIT:          0 MISS:          0 MSHR_MERGE:          0
cpu1->cpu1_STLB TRANSLATION  ACCESS:          0 HIT:          0 MISS:          0 MSHR_MERGE:          0
cpu1->cpu1_STLB PREFETCH REQUESTED:          0 ISSUED:          0 USEFUL:          0 USELESS:          0
cpu1->cpu1_STLB AVERAGE UPPER RQ OCCUPANCY: 0.0001155 entries (0.0003609% of capacity)
cpu1->cpu1_STLB AVERAGE MISS LATENCY: 1268 cycles
cpu1->cpu1_L2C TOTAL        ACCESS:   17752765 HIT:    7284432 MISS:   10468333 MSHR_MERGE:     459158
cpu1->cpu1_L2C LOAD         ACCESS:     831492 HIT:     320428 MISS:     511064 MSHR_MERGE:     210992
cpu1->cpu1_L2C RFO          ACCESS:    4678302 HIT:    2182480 MISS:    2495822 MSHR_MERGE:          0
cpu1->cpu1_L2C PREFETCH     ACCESS:    7495137 HIT:     102886 MISS:    7392251 MSHR_MERGE:     248166
cpu1->cpu1_L2C WRITE        ACCESS:    4678596 HIT:    4678596 MISS:          0 MSHR_MERGE:          0
cpu1->cpu1_L2C TRANSLATION  ACCESS:      69238 HIT:         42 MISS:      69196 MSHR_MERGE:          0
cpu1->cpu1_L2C PREFETCH REQUESTED:   13808899 ISSUED:    7495137 USEFUL:     531420 USELESS:          5
cpu1->cpu1_L2C AVERAGE UPPER RQ OCCUPANCY: 0.03556 entries (0.1111% of capacity)
cpu1->cpu1_L2C AVERAGE MISS LATENCY: 613.6 cycles
cpu1->cpu1_L1I TOTAL        ACCESS:   22065761 HIT:   22065761 MISS:          0 MSHR_MERGE:          0
cpu1->cpu1_L1I LOAD         ACCESS:   22065761 HIT:   22065761 MISS:          0 MSHR_MERGE:          0
cpu1->cpu1_L1I RFO          ACCESS:          0 HIT:          0 MISS:          0 MSHR_MERGE:          0
cpu1->cpu1_L1I PREFETCH     ACCESS:          0 HIT:          0 MISS:          0 MSHR_MERGE:          0
cpu1->cpu1_L1I WRITE        ACCESS:          0 HIT:          0 MISS:          0 MSHR_MERGE:          0
cpu1->cpu1_L1I TRANSLATION  ACCESS:          0 HIT:          0 MISS:          0 MSHR_MERGE:          0
cpu1->cpu1_L1I PREFETCH REQUESTED:          0 ISSUED:          0 USEFUL:          0 USELESS:          0
cpu1->cpu1_L1I AVERAGE UPPER RQ OCCUPANCY: 0.1469 entries (0.2296% of capacity)
cpu1->cpu1_L1I AVERAGE MISS LATENCY: - cycles
cpu1->cpu1_L1D TOTAL        ACCESS:   19396291 HIT:   13423151 MISS:    5973140 MSHR_MERGE:     393805
cpu1->cpu1_L1D LOAD         ACCESS:    7543213 HIT:    6545904 MISS:     997309 MSHR_MERGE:     165817
cpu1->cpu1_L1D RFO          ACCESS:          0 HIT:          0 MISS:          0 MSHR_MERGE:          0
cpu1->cpu1_L1D PREFETCH     ACCESS:          0 HIT:          0 MISS:          0 MSHR_MERGE:          0
cpu1->cpu1_L1D WRITE        ACCESS:   11748995 HIT:    6842418 MISS:    4906577 MSHR_MERGE:     227972
cpu1->cpu1_L1D TRANSLATION  ACCESS:     104083 HIT:      34829 MISS:      69254 MSHR_MERGE:         16
cpu1->cpu1_L1D PREFETCH REQUESTED:          0 ISSUED:          0 USEFUL:          0 USELESS:          0
cpu1->cpu1_L1D AVERAGE UPPER RQ OCCUPANCY: 1.118 entries (1.747% of capacity)
cpu1->cpu1_L1D AVERAGE MISS LATENCY: 347.8 cycles
cpu1->cpu1_ITLB TOTAL        ACCESS:   17096945 HIT:   17096945 MISS:          0 MSHR_MERGE:          0
cpu1->cpu1_ITLB LOAD         ACCESS:   17096945 HIT:   17096945 MISS:          0 MSHR_MERGE:          0
cpu1->cpu1_ITLB RFO          ACCESS:          0 HIT:          0 MISS:          0 MSHR_MERGE:          0
cpu1->cpu1_ITLB PREFETCH     ACCESS:          0 HIT:          0 MISS:          0 MSHR_MERGE:          0
cpu1->cpu1_ITLB WRITE        ACCESS:          0 HIT:          0 MISS:          0 MSHR_MERGE:          0
cpu1->cpu1_ITLB TRANSLATION  ACCESS:          0 HIT:          0 MISS:          0 MSHR_MERGE:          0
cpu1->cpu1_ITLB PREFETCH REQUESTED:          0 ISSUED:          0 USEFUL:          0 USELESS:          0
cpu1->cpu1_ITLB AVERAGE UPPER RQ OCCUPANCY: 0.1469 entries (0.9184% of capacity)
cpu1->cpu1_ITLB AVERAGE MISS LATENCY: - cycles
cpu1->cpu1_DTLB TOTAL        ACCESS:   18819175 HIT:   18578875 MISS:     240300 MSHR_MERGE:     188276
cpu1->cpu1_DTLB LOAD         ACCESS:   18819175 HIT:   18578875 MISS:     240300 MSHR_MERGE:     188276
cpu1->cpu1_DTLB RFO          ACCESS:          0 HIT:          0 MISS:          0 MSHR_MERGE:          0
cpu1->cpu1_DTLB PREFETCH     ACCESS:          0 HIT:          0 MISS:          0 MSHR_MERGE:          0
cpu1->cpu1_DTLB WRITE        ACCESS:          0 HIT:          0 MISS:          0 MSHR_MERGE:          0
cpu1->cpu1_DTLB TRANSLATION  ACCESS:          0 HIT:          0 MISS:          0 MSHR_MERGE:          0
cpu1->cpu1_DTLB PREFETCH REQUESTED:          0 ISSUED:          0 USEFUL:          0 USELESS:          0
cpu1->cpu1_DTLB AVERAGE UPPER RQ OCCUPANCY: 0.1485 entries (0.9284% of capacity)
cpu1->cpu1_DTLB AVERAGE MISS LATENCY: 1274 cycles
cpu0->cpu0_STLB TOTAL        ACCESS:     420615 HIT:     334401 MISS:      86214 MSHR_MERGE:          0
cpu0->cpu0_STLB LOAD         ACCESS:     420615 HIT:     334401 MISS:      86214 MSHR_MERGE:          0
cpu0->cpu0_STLB RFO          ACCESS:          0 HIT:          0 MISS:          0 MSHR_MERGE:          0
cpu0->cpu0_STLB PREFETCH     ACCESS:          0 HIT:          0 MISS:          0 MSHR_MERGE:          0
cpu0->cpu0_STLB WRITE        ACCESS:          0 HIT:          0 MISS:          0 MSHR_MERGE:          0
cpu0->cpu0_STLB TRANSLATION  ACCESS:          0 HIT:          0 MISS:          0 MSHR_MERGE:          0
cpu0->cpu0_STLB PREFETCH REQUESTED:          0 ISSUED:          0 USEFUL:          0 USELESS:          0
cpu0->cpu0_STLB AVERAGE UPPER RQ OCCUPANCY: 0.0009358 entries (0.002924% of capacity)
cpu0->cpu0_STLB AVERAGE MISS LATENCY: 1436 cycles
cpu0->cpu0_L2C TOTAL        ACCESS:    1395583 HIT:     402927 MISS:     992656 MSHR_MERGE:     327458
cpu0->cpu0_L2C LOAD         ACCESS:     538299 HIT:     132320 MISS:     405979 MSHR_MERGE:          0
cpu0->cpu0_L2C RFO          ACCESS:      16109 HIT:       4310 MISS:      11799 MSHR_MERGE:          0
cpu0->cpu0_L2C PREFETCH     ACCESS:     516467 HIT:     109235 MISS:     407232 MSHR_MERGE:     327458
cpu0->cpu0_L2C WRITE        ACCESS:     139483 HIT:     139475 MISS:          8 MSHR_MERGE:          0
cpu0->cpu0_L2C TRANSLATION  ACCESS:     185225 HIT:      17587 MISS:     167638 MSHR_MERGE:          0
cpu0->cpu0_L2C PREFETCH REQUESTED:     516467 ISSUED:     516467 USEFUL:         11 USELESS:         85
cpu0->cpu0_L2C AVERAGE UPPER RQ OCCUPANCY: 0.002678 entries (0.008368% of capacity)
cpu0->cpu0_L2C AVERAGE MISS LATENCY: 647.4 cycles
cpu0->cpu0_L1I TOTAL        ACCESS:     194383 HIT:     194380 MISS:          3 MSHR_MERGE:          0
cpu0->cpu0_L1I LOAD         ACCESS:     194383 HIT:     194380 MISS:          3 MSHR_MERGE:          0
cpu0->cpu0_L1I RFO          ACCESS:          0 HIT:          0 MISS:          0 MSHR_MERGE:          0
cpu0->cpu0_L1I PREFETCH     ACCESS:          0 HIT:          0 MISS:          0 MSHR_MERGE:          0
cpu0->cpu0_L1I WRITE        ACCESS:          0 HIT:          0 MISS:          0 MSHR_MERGE:          0
cpu0->cpu0_L1I TRANSLATION  ACCESS:          0 HIT:          0 MISS:          0 MSHR_MERGE:          0
cpu0->cpu0_L1I PREFETCH REQUESTED:          0 ISSUED:          0 USEFUL:          0 USELESS:          0
cpu0->cpu0_L1I AVERAGE UPPER RQ OCCUPANCY: 0.001305 entries (0.002038% of capacity)
cpu0->cpu0_L1I AVERAGE MISS LATENCY: 631 cycles
cpu0->cpu0_L1D TOTAL        ACCESS:    1742968 HIT:     772700 MISS:     970268 MSHR_MERGE:     230635
cpu0->cpu0_L1D LOAD         ACCESS:    1322496 HIT:     560685 MISS:     761811 MSHR_MERGE:     223513
cpu0->cpu0_L1D RFO          ACCESS:          0 HIT:          0 MISS:          0 MSHR_MERGE:          0
cpu0->cpu0_L1D PREFETCH     ACCESS:          0 HIT:          0 MISS:          0 MSHR_MERGE:          0
cpu0->cpu0_L1D WRITE        ACCESS:     221137 HIT:     200205 MISS:      20932 MSHR_MERGE:       4822
cpu0->cpu0_L1D TRANSLATION  ACCESS:     199335 HIT:      11810 MISS:     187525 MSHR_MERGE:       2300
cpu0->cpu0_L1D PREFETCH REQUESTED:          0 ISSUED:          0 USEFUL:          0 USELESS:          0
cpu0->cpu0_L1D AVERAGE UPPER RQ OCCUPANCY: 0.007351 entries (0.01149% of capacity)
cpu0->cpu0_L1D AVERAGE MISS LATENCY: 521.3 cycles
cpu0->cpu0_ITLB TOTAL        ACCESS:     183664 HIT:     183663 MISS:          1 MSHR_MERGE:          0
cpu0->cpu0_ITLB LOAD         ACCESS:     183664 HIT:     183663 MISS:          1 MSHR_MERGE:          0
cpu0->cpu0_ITLB RFO          ACCESS:          0 HIT:          0 MISS:          0 MSHR_MERGE:          0
cpu0->cpu0_ITLB PREFETCH     ACCESS:          0 HIT:          0 MISS:          0 MSHR_MERGE:          0
cpu0->cpu0_ITLB WRITE        ACCESS:          0 HIT:          0 MISS:          0 MSHR_MERGE:          0
cpu0->cpu0_ITLB TRANSLATION  ACCESS:          0 HIT:          0 MISS:          0 MSHR_MERGE:          0
cpu0->cpu0_ITLB PREFETCH REQUESTED:          0 ISSUED:          0 USEFUL:          0 USELESS:          0
cpu0->cpu0_ITLB AVERAGE UPPER RQ OCCUPANCY: 0.001294 entries (0.00809% of capacity)
cpu0->cpu0_ITLB AVERAGE MISS LATENCY: 1011 cycles
cpu0->cpu0_DTLB TOTAL        ACCESS:    1521490 HIT:     842803 MISS:     678687 MSHR_MERGE:     258074
cpu0->cpu0_DTLB LOAD         ACCESS:    1521490 HIT:     842803 MISS:     678687 MSHR_MERGE:     258074
cpu0->cpu0_DTLB RFO          ACCESS:          0 HIT:          0 MISS:          0 MSHR_MERGE:          0
cpu0->cpu0_DTLB PREFETCH     ACCESS:          0 HIT:          0 MISS:          0 MSHR_MERGE:          0
cpu0->cpu0_DTLB WRITE        ACCESS:          0 HIT:          0 MISS:          0 MSHR_MERGE:          0
cpu0->cpu0_DTLB TRANSLATION  ACCESS:          0 HIT:          0 MISS:          0 MSHR_MERGE:          0
cpu0->cpu0_DTLB PREFETCH REQUESTED:          0 ISSUED:          0 USEFUL:          0 USELESS:          0
cpu0->cpu0_DTLB AVERAGE UPPER RQ OCCUPANCY: 0.01073 entries (0.06704% of capacity)
cpu0->cpu0_DTLB AVERAGE MISS LATENCY: 299.5 cycles
cpu0->LLC TOTAL        ACCESS:     771802 HIT:      32345 MISS:     739457 MSHR_MERGE:        501
cpu0->LLC LOAD         ACCESS:     405978 HIT:      11827 MISS:     394151 MSHR_MERGE:        496
cpu0->LLC RFO          ACCESS:      11799 HIT:        101 MISS:      11698 MSHR_MERGE:          1
cpu0->LLC PREFETCH     ACCESS:      79773 HIT:      10726 MISS:      69047 MSHR_MERGE:          4
cpu0->LLC WRITE        ACCESS:     106614 HIT:       9524 MISS:      97090 MSHR_MERGE:          0
cpu0->LLC TRANSLATION  ACCESS:     167638 HIT:        167 MISS:     167471 MSHR_MERGE:          0
cpu0->LLC PREFETCH REQUESTED:          0 ISSUED:          0 USEFUL:          0 USELESS:          0
cpu0->LLC AVERAGE UPPER RQ OCCUPANCY: 0.01255 entries (0.03922% of capacity)
cpu0->LLC AVERAGE MISS LATENCY: 3273 cycles
cpu1->LLC TOTAL        ACCESS:   12496712 HIT:    6898723 MISS:    5597989 MSHR_MERGE:    2202777
cpu1->LLC LOAD         ACCESS:     300072 HIT:     253497 MISS:      46575 MSHR_MERGE:      14544
cpu1->LLC RFO          ACCESS:    2495821 HIT:       1645 MISS:    2494176 MSHR_MERGE:          0
cpu1->LLC PREFETCH     ACCESS:    7135821 HIT:    4148074 MISS:    2987747 MSHR_MERGE:    2188233
cpu1->LLC WRITE        ACCESS:    2495802 HIT:    2495507 MISS:        295 MSHR_MERGE:          0
cpu1->LLC TRANSLATION  ACCESS:      69196 HIT:          0 MISS:      69196 MSHR_MERGE:          0
cpu1->LLC PREFETCH REQUESTED:          0 ISSUED:          0 USEFUL:          0 USELESS:          0
cpu1->LLC AVERAGE UPPER RQ OCCUPANCY: 0.01255 entries (0.03922% of capacity)
cpu1->LLC AVERAGE MISS LATENCY: 840.7 cycles

Region of Interest Statistics

CPU 1 cumulative IPC: 0.8158 instructions: 5000003 cycles: 6128693
CPU 1 Branch Prediction Accuracy: 99.79% MPKI: 0.0292 Average ROB Occupancy at Mispredict: 341.1
CPU 1 Demand Stall Cycles: 4896233 (79.89% of cycles)
Branch type MPKI
BRANCH_DIRECT_JUMP: 0
BRANCH_INDIRECT: 0
BRANCH_CONDITIONAL: 0.0292
BRANCH_DIRECT_CALL: 0
BRANCH_INDIRECT_CALL: 0
BRANCH_RETURN: 0


CPU 0 cumulative IPC: 0.0333 instructions: 5000001 cycles: 150170430
CPU 0 Branch Prediction Accuracy: 95.53% MPKI: 11.01 Average ROB Occupancy at Mispredict: 72.22
CPU 0 Demand Stall Cycles: 148296304 (98.75% of cycles)
Branch type MPKI
BRANCH_DIRECT_JUMP: 0.66
BRANCH_INDIRECT: 0
BRANCH_CONDITIONAL: 10.35
BRANCH_DIRECT_CALL: 0.0002
BRANCH_INDIRECT_CALL: 0
BRANCH_RETURN: 0.0002

cpu1->cpu1_STLB TOTAL        ACCESS:      52024 HIT:          8 MISS:      52016 MSHR_MERGE:          0
cpu1->cpu1_STLB LOAD         ACCESS:      52024 HIT:          8 MISS:      52016 MSHR_MERGE:          0
cpu1->cpu1_STLB RFO          ACCESS:          0 HIT:          0 MISS:          0 MSHR_MERGE:          0
cpu1->cpu1_STLB PREFETCH     ACCESS:          0 HIT:          0 MISS:          0 MSHR_MERGE:          0
cpu1->cpu1_STLB WRITE        ACCESS:          0 HIT:          0 MISS:          0 MSHR_MERGE:          0
cpu1->cpu1_STLB TRANSLATION  ACCESS:          0 HIT:          0 MISS:          0 MSHR_MERGE:          0
cpu1->cpu1_STLB PREFETCH REQUESTED:          0 ISSUED:          0 USEFUL:          0 USELESS:          0
cpu1->cpu1_STLB AVERAGE UPPER RQ OCCUPANCY: 0.0001155 entries (0.0003609% of capacity)
cpu1->cpu1_STLB AVERAGE MISS LATENCY: 1268 cycles
cpu1->cpu1_L2C TOTAL        ACCESS:   17752765 HIT:    7284432 MISS:   10468333 MSHR_MERGE:     459158
cpu1->cpu1_L2C LOAD         ACCESS:     831492 HIT:     320428 MISS:     511064 MSHR_MERGE:     210992
cpu1->cpu1_L2C RFO          ACCESS:    4678302 HIT:    2182480 MISS:    2495822 MSHR_MERGE:          0
cpu1->cpu1_L2C PREFETCH     ACCESS:    7495137 HIT:     102886 MISS:    7392251 MSHR_MERGE:     248166
cpu1->cpu1_L2C WRITE        ACCESS:    4678596 HIT:    4678596 MISS:          0 MSHR_MERGE:          0
cpu1->cpu1_L2C TRANSLATION  ACCESS:      69238 HIT:         42 MISS:      69196 MSHR_MERGE:          0
cpu1->cpu1_L2C PREFETCH REQUESTED:   13808899 ISSUED:    7495137 USEFUL:     531420 USELESS:          5
cpu1->cpu1_L2C AVERAGE UPPER RQ OCCUPANCY: 0.03556 entries (0.1111% of capacity)
cpu1->cpu1_L2C AVERAGE MISS LATENCY: 613.6 cycles
cpu1->cpu1_L1I TOTAL        ACCESS:   22065761 HIT:   22065761 MISS:          0 MSHR_MERGE:          0
cpu1->cpu1_L1I LOAD         ACCESS:   22065761 HIT:   22065761 MISS:          0 MSHR_MERGE:          0
cpu1->cpu1_L1I RFO          ACCESS:          0 HIT:          0 MISS:          0 MSHR_MERGE:          0
cpu1->cpu1_L1I PREFETCH     ACCESS:          0 HIT:          0 MISS:          0 MSHR_MERGE:          0
cpu1->cpu1_L1I WRITE        ACCESS:          0 HIT:          0 MISS:          0 MSHR_MERGE:          0
cpu1->cpu1_L1I TRANSLATION  ACCESS:          0 HIT:          0 MISS:          0 MSHR_MERGE:          0
cpu1->cpu1_L1I PREFETCH REQUESTED:          0 ISSUED:          0 USEFUL:          0 USELESS:          0
cpu1->cpu1_L1I AVERAGE UPPER RQ OCCUPANCY: 0.1469 entries (0.2296% of capacity)
cpu1->cpu1_L1I AVERAGE MISS LATENCY: - cycles
cpu1->cpu1_L1D TOTAL        ACCESS:   19396291 HIT:   13423151 MISS:    5973140 MSHR_MERGE:     393805
cpu1->cpu1_L1D LOAD         ACCESS:    7543213 HIT:    6545904 MISS:     997309 MSHR_MERGE:     165817
cpu1->cpu1_L1D RFO          ACCESS:          0 HIT:          0 MISS:          0 MSHR_MERGE:          0
cpu1->cpu1_L1D PREFETCH     ACCESS:          0 HIT:          0 MISS:          0 MSHR_MERGE:          0
cpu1->cpu1_L1D WRITE        ACCESS:   11748995 HIT:    6842418 MISS:    4906577 MSHR_MERGE:     227972
cpu1->cpu1_L1D TRANSLATION  ACCESS:     104083 HIT:      34829 MISS:      69254 MSHR_MERGE:         16
cpu1->cpu1_L1D PREFETCH REQUESTED:          0 ISSUED:          0 USEFUL:          0 USELESS:          0
cpu1->cpu1_L1D AVERAGE UPPER RQ OCCUPANCY: 1.118 entries (1.747% of capacity)
cpu1->cpu1_L1D AVERAGE MISS LATENCY: 347.8 cycles
cpu1->cpu1_ITLB TOTAL        ACCESS:   17096945 HIT:   17096945 MISS:          0 MSHR_MERGE:          0
cpu1->cpu1_ITLB LOAD         ACCESS:   17096945 HIT:   17096945 MISS:          0 MSHR_MERGE:          0
cpu1->cpu1_ITLB RFO          ACCESS:          0 HIT:          0 MISS:          0 MSHR_MERGE:          0
cpu1->cpu1_ITLB PREFETCH     ACCESS:          0 HIT:          0 MISS:          0 MSHR_MERGE:          0
cpu1->cpu1_ITLB WRITE        ACCESS:          0 HIT:          0 MISS:          0 MSHR_MERGE:          0
cpu1->cpu1_ITLB TRANSLATION  ACCESS:          0 HIT:          0 MISS:          0 MSHR_MERGE:          0
cpu1->cpu1_ITLB PREFETCH REQUESTED:          0 ISSUED:          0 USEFUL:          0 USELESS:          0
cpu1->cpu1_ITLB AVERAGE UPPER RQ OCCUPANCY: 0.1469 entries (0.9184% of capacity)
cpu1->cpu1_ITLB AVERAGE MISS LATENCY: - cycles
cpu1->cpu1_DTLB TOTAL        ACCESS:   18819175 HIT:   18578875 MISS:     240300 MSHR_MERGE:     188276
cpu1->cpu1_DTLB LOAD         ACCESS:   18819175 HIT:   18578875 MISS:     240300 MSHR_MERGE:     188276
cpu1->cpu1_DTLB RFO          ACCESS:          0 HIT:          0 MISS:          0 MSHR_MERGE:          0
cpu1->cpu1_DTLB PREFETCH     ACCESS:          0 HIT:          0 MISS:          0 MSHR_MERGE:          0
cpu1->cpu1_DTLB WRITE        ACCESS:          0 HIT:          0 MISS:          0 MSHR_MERGE:          0
cpu1->cpu1_DTLB TRANSLATION  ACCESS:          0 HIT:          0 MISS:          0 MSHR_MERGE:          0
cpu1->cpu1_DTLB PREFETCH REQUESTED:          0 ISSUED:          0 USEFUL:          0 USELESS:          0
cpu1->cpu1_DTLB AVERAGE UPPER RQ OCCUPANCY: 0.1485 entries (0.9284% of capacity)
cpu1->cpu1_DTLB AVERAGE MISS LATENCY: 1274 cycles
cpu0->cpu0_STLB TOTAL        ACCESS:     420615 HIT:     334401 MISS:      86214 MSHR_MERGE:          0
cpu0->cpu0_STLB LOAD         ACCESS:     420615 HIT:     334401 MISS:      86214 MSHR_MERGE:          0
cpu0->cpu0_STLB RFO          ACCESS:          0 HIT:          0 MISS:          0 MSHR_MERGE:          0
cpu0->cpu0_STLB PREFETCH     ACCESS:          0 HIT:          0 MISS:          0 MSHR_MERGE:          0
cpu0->cpu0_STLB WRITE        ACCESS:          0 HIT:          0 MISS:          0 MSHR_MERGE:          0
cpu0->cpu0_STLB TRANSLATION  ACCESS:          0 HIT:          0 MISS:          0 MSHR_MERGE:          0
cpu0->cpu0_STLB PREFETCH REQUESTED:          0 ISSUED:          0 USEFUL:          0 USELESS:          0
cpu0->cpu0_STLB AVERAGE UPPER RQ OCCUPANCY: 0.0009358 entries (0.002924% of capacity)
cpu0->cpu0_STLB AVERAGE MISS LATENCY: 1436 cycles
cpu0->cpu0_L2C TOTAL        ACCESS:    1395583 HIT:     402927 MISS:     992656 MSHR_MERGE:     327458
cpu0->cpu0_L2C LOAD         ACCESS:     538299 HIT:     132320 MISS:     405979 MSHR_MERGE:          0
cpu0->cpu0_L2C RFO          ACCESS:      16109 HIT:       4310 MISS:      11799 MSHR_MERGE:          0
cpu0->cpu0_L2C PREFETCH     ACCESS:     516467 HIT:     109235 MISS:     407232 MSHR_MERGE:     327458
cpu0->cpu0_L2C WRITE        ACCESS:     139483 HIT:     139475 MISS:          8 MSHR_MERGE:          0
cpu0->cpu0_L2C TRANSLATION  ACCESS:     185225 HIT:      17587 MISS:     167638 MSHR_MERGE:          0
cpu0->cpu0_L2C PREFETCH REQUESTED:     516467 ISSUED:     516467 USEFUL:         11 USELESS:         85
cpu0->cpu0_L2C AVERAGE UPPER RQ OCCUPANCY: 0.002678 entries (0.008368% of capacity)
cpu0->cpu0_L2C AVERAGE MISS LATENCY: 647.4 cycles
cpu0->cpu0_L1I TOTAL        ACCESS:     194383 HIT:     194380 MISS:          3 MSHR_MERGE:          0
cpu0->cpu0_L1I LOAD         ACCESS:     194383 HIT:     194380 MISS:          3 MSHR_MERGE:          0
cpu0->cpu0_L1I RFO          ACCESS:          0 HIT:          0 MISS:          0 MSHR_MERGE:          0
cpu0->cpu0_L1I PREFETCH     ACCESS:          0 HIT:          0 MISS:          0 MSHR_MERGE:          0
cpu0->cpu0_L1I WRITE        ACCESS:          0 HIT:          0 MISS:          0 MSHR_MERGE:          0
cpu0->cpu0_L1I TRANSLATION  ACCESS:          0 HIT:          0 MISS:          0 MSHR_MERGE:          0
cpu0->cpu0_L1I PREFETCH REQUESTED:          0 ISSUED:          0 USEFUL:          0 USELESS:          0
cpu0->cpu0_L1I AVERAGE UPPER RQ OCCUPANCY: 0.001305 entries (0.002038% of capacity)
cpu0->cpu0_L1I AVERAGE MISS LATENCY: 631 cycles
cpu0->cpu0_L1D TOTAL        ACCESS:    1742968 HIT:     772700 MISS:     970268 MSHR_MERGE:     230635
cpu0->cpu0_L1D LOAD         ACCESS:    1322496 HIT:     560685 MISS:     761811 MSHR_MERGE:     223513
cpu0->cpu0_L1D RFO          ACCESS:          0 HIT:          0 MISS:          0 MSHR_MERGE:          0
cpu0->cpu0_L1D PREFETCH     ACCESS:          0 HIT:          0 MISS:          0 MSHR_MERGE:          0
cpu0->cpu0_L1D WRITE        ACCESS:     221137 HIT:     200205 MISS:      20932 MSHR_MERGE:       4822
cpu0->cpu0_L1D TRANSLATION  ACCESS:     199335 HIT:      11810 MISS:     187525 MSHR_MERGE:       2300
cpu0->cpu0_L1D PREFETCH REQUESTED:          0 ISSUED:          0 USEFUL:          0 USELESS:          0
cpu0->cpu0_L1D AVERAGE UPPER RQ OCCUPANCY: 0.007351 entries (0.01149% of capacity)
cpu0->cpu0_L1D AVERAGE MISS LATENCY: 521.3 cycles
cpu0->cpu0_ITLB TOTAL        ACCESS:     183664 HIT:     183663 MISS:          1 MSHR_MERGE:          0
cpu0->cpu0_ITLB LOAD         ACCESS:     183664 HIT:     183663 MISS:          1 MSHR_MERGE:          0
cpu0->cpu0_ITLB RFO          ACCESS:          0 HIT:          0 MISS:          0 MSHR_MERGE:          0
cpu0->cpu0_ITLB PREFETCH     ACCESS:          0 HIT:          0 MISS:          0 MSHR_MERGE:          0
cpu0->cpu0_ITLB WRITE        ACCESS:          0 HIT:          0 MISS:          0 MSHR_MERGE:          0
cpu0->cpu0_ITLB TRANSLATION  ACCESS:          0 HIT:          0 MISS:          0 MSHR_MERGE:          0
cpu0->cpu0_ITLB PREFETCH REQUESTED:          0 ISSUED:          0 USEFUL:          0 USELESS:          0
cpu0->cpu0_ITLB AVERAGE UPPER RQ OCCUPANCY: 0.001294 entries (0.00809% of capacity)
cpu0->cpu0_ITLB AVERAGE MISS LATENCY: 1011 cycles
cpu0->cpu0_DTLB TOTAL        ACCESS:    1521490 HIT:     842803 MISS:     678687 MSHR_MERGE:     258074
cpu0->cpu0_DTLB LOAD         ACCESS:    1521490 HIT:     842803 MISS:     678687 MSHR_MERGE:     258074
cpu0->cpu0_DTLB RFO          ACCESS:          0 HIT:          0 MISS:          0 MSHR_MERGE:          0
cpu0->cpu0_DTLB PREFETCH     ACCESS:          0 HIT:          0 MISS:          0 MSHR_MERGE:          0
cpu0->cpu0_DTLB WRITE        ACCESS:          0 HIT:          0 MISS:          0 MSHR_MERGE:          0
cpu0->cpu0_DTLB TRANSLATION  ACCESS:          0 HIT:          0 MISS:          0 MSHR_MERGE:          0
cpu0->cpu0_DTLB PREFETCH REQUESTED:          0 ISSUED:          0 USEFUL:          0 USELESS:          0
cpu0->cpu0_DTLB AVERAGE UPPER RQ OCCUPANCY: 0.01073 entries (0.06704% of capacity)
cpu0->cpu0_DTLB AVERAGE MISS LATENCY: 299.5 cycles
cpu0->LLC TOTAL        ACCESS:     771802 HIT:      32345 MISS:     739457 MSHR_MERGE:        501
cpu0->LLC LOAD         ACCESS:     405978 HIT:      11827 MISS:     394151 MSHR_MERGE:        496
cpu0->LLC RFO          ACCESS:      11799 HIT:        101 MISS:      11698 MSHR_MERGE:          1
cpu0->LLC PREFETCH     ACCESS:      79773 HIT:      10726 MISS:      69047 MSHR_MERGE:          4
cpu0->LLC WRITE        ACCESS:     106614 HIT:       9524 MISS:      97090 MSHR_MERGE:          0
cpu0->LLC TRANSLATION  ACCESS:     167638 HIT:        167 MISS:     167471 MSHR_MERGE:          0
cpu0->LLC PREFETCH REQUESTED:          0 ISSUED:          0 USEFUL:          0 USELESS:          0
cpu0->LLC AVERAGE UPPER RQ OCCUPANCY: 0.01255 entries (0.03922% of capacity)
cpu0->LLC AVERAGE MISS LATENCY: 3273 cycles
cpu1->LLC TOTAL        ACCESS:   12496712 HIT:    6898723 MISS:    5597989 MSHR_MERGE:    2202777
cpu1->LLC LOAD         ACCESS:     300072 HIT:     253497 MISS:      46575 MSHR_MERGE:      14544
cpu1->LLC RFO          ACCESS:    2495821 HIT:       1645 MISS:    2494176 MSHR_MERGE:          0
cpu1->LLC PREFETCH     ACCESS:    7135821 HIT:    4148074 MISS:    2987747 MSHR_MERGE:    2188233
cpu1->LLC WRITE        ACCESS:    2495802 HIT:    2495507 MISS:        295 MSHR_MERGE:          0
cpu1->LLC TRANSLATION  ACCESS:      69196 HIT:          0 MISS:      69196 MSHR_MERGE:          0
cpu1->LLC PREFETCH REQUESTED:          0 ISSUED:          0 USEFUL:          0 USELESS:          0
cpu1->LLC AVERAGE UPPER RQ OCCUPANCY: 0.01255 entries (0.03922% of capacity)
cpu1->LLC AVERAGE MISS LATENCY: 840.7 cycles

DRAM Statistics

Channel 0 RQ ROW_BUFFER_HIT:     303657
  ROW_BUFFER_MISS:    3733095
  AVG DBUS CONGESTED CYCLE: 7.35
Channel 0 WQ ROW_BUFFER_HIT:     279497
  ROW_BUFFER_MISS:    2311832
  FULL:          0
Channel 0 REFRESHES ISSUED:      12514
[FDP] Final level=1 pf_threshold=20 fill_threshold=85
[SPP_ORIG] pf_threshold=25 fill_threshold=90
